119.3.219.91 - - [21/Dec/2023:19:57:12 +0800] "HEAD /aab9 HTTP/1.1" 404 0 "-" "Mozilla/5.0 (Linux; Android 11; Pro Build/RKQ2.200567.005; wv) AppleWebKit/537.36 (KHTML, like Gecko) Version/4.0 Chrome/81.0.4044.145 Mobile Safari/537.36"
119.3.219.91 - - [21/Dec/2023:19:57:12 +0800] "GET /aab9 HTTP/1.1" 404 1437 "-" "Mozilla/5.0 (Linux; Android 11; Pro Build/RKQ2.200567.005; wv) AppleWebKit/537.36 (KHTML, like Gecko) Version/4.0 Chrome/81.0.4044.145 Mobile Safari/537.36"
121.36.70.110 - - [21/Dec/2023:19:59:14 +0800] "HEAD /aab8 HTTP/1.1" 404 0 "-" "Mozilla/5.0 (Linux; Android 11; Pro Build/RKQ2.200567.005; wv) AppleWebKit/537.36 (KHTML, like Gecko) Version/4.0 Chrome/81.0.4044.145 Mobile Safari/537.36"
121.36.70.110 - - [21/Dec/2023:19:59:14 +0800] "GET /aab8 HTTP/1.1" 404 1437 "-" "Mozilla/5.0 (Linux; Android 11; Pro Build/RKQ2.200567.005; wv) AppleWebKit/537.36 (KHTML, like Gecko) Version/4.0 Chrome/81.0.4044.145 Mobile Safari/537.36"
121.36.70.110 - - [21/Dec/2023:19:59:44 +0800] "HEAD /nU8a HTTP/1.1" 404 0 "-" "Mozilla/5.0 (Linux; Android 11; Pro Build/RKQ2.200567.005; wv) AppleWebKit/537.36 (KHTML, like Gecko) Version/4.0 Chrome/81.0.4044.145 Mobile Safari/537.36"
121.36.70.110 - - [21/Dec/2023:19:59:44 +0800] "GET /nU8a HTTP/1.1" 404 1438 "-" "Mozilla/5.0 (Linux; Android 11; Pro Build/RKQ2.200567.005; wv) AppleWebKit/537.36 (KHTML, like Gecko) Version/4.0 Chrome/81.0.4044.145 Mobile Safari/537.36"
20.150.201.61 - - [21/Dec/2023:20:14:22 +0800] "GET /_profiler/phpinfo HTTP/1.1" 404 1447 "-" "Mozilla/5.0 (Linux; U; Android 4.4.2; en-US; HM NOTE 1W Build/KOT49H) AppleWebKit/534.30 (KHTML, like Gecko) Version/4.0 UCBrowser/11.0.5.850 U3/0.8.0 Mobile Safari/534.30"
94.102.53.6 - - [21/Dec/2023:20:49:23 +0800] "GET / HTTP/1.1" 200 533 "-" "Mozilla/5.0 (Windows NT 10.0; Win64; x64) AppleWebKit/537.36 (KHTML, like Gecko) Chrome/98.0.4758.102 Safari/537.36"
94.102.53.6 - - [21/Dec/2023:20:49:24 +0800] "GET /css/app.45730797.css HTTP/1.1" 200 1388 "http://123.60.101.59/" "Mozilla/5.0 (Windows NT 10.0; Win64; x64) AppleWebKit/537.36 (KHTML, like Gecko) Chrome/98.0.4758.102 Safari/537.36"
94.102.53.6 - - [21/Dec/2023:20:49:24 +0800] "GET /js/app.e841cbbd.js HTTP/1.1" 500 88300 "http://123.60.101.59/" "Mozilla/5.0 (Windows NT 10.0; Win64; x64) AppleWebKit/537.36 (KHTML, like Gecko) Chrome/98.0.4758.102 Safari/537.36"
94.102.53.6 - - [21/Dec/2023:20:49:24 +0800] "GET /css/vendor.2ac1ba6a.css HTTP/1.1" 200 208920 "http://123.60.101.59/" "Mozilla/5.0 (Windows NT 10.0; Win64; x64) AppleWebKit/537.36 (KHTML, like Gecko) Chrome/98.0.4758.102 Safari/537.36"
94.102.53.6 - - [21/Dec/2023:20:49:25 +0800] "GET /js/vendor.4a49a306.js HTTP/1.1" 200 2250341 "http://123.60.101.59/" "Mozilla/5.0 (Windows NT 10.0; Win64; x64) AppleWebKit/537.36 (KHTML, like Gecko) Chrome/98.0.4758.102 Safari/537.36"
58.19.104.247 - - [21/Dec/2023:21:26:47 +0800] "GET / HTTP/1.0" 200 907 "-" "-"
139.170.202.4 - - [21/Dec/2023:21:27:20 +0800] "GET / HTTP/1.1" 200 907 "-" "Mozilla/5.0 (Windows NT 6.1) AppleWebKit/537.36 (KHTML, like Gecko) Chrome/49.0.2623.112 Safari/537.36"
58.19.61.52 - - [21/Dec/2023:21:27:20 +0800] "GET /favicon.ico HTTP/1.1" 200 9431 "-" "Mozilla/5.0 (Windows NT 6.1) AppleWebKit/537.36 (KHTML, like Gecko) Chrome/49.0.2623.112 Safari/537.36"
117.62.235.53 - - [21/Dec/2023:22:17:27 +0800] "GET / HTTP/1.1" 200 533 "-" "Mozilla/5.0 (iPhone; CPU iPhone OS 13_2_3 like Mac OS X) AppleWebKit/605.1.15 (KHTML, like Gecko) Version/13.0.3 Mobile/15E148 Safari/604.1"
123.249.111.22 - - [21/Dec/2023:23:49:30 +0800] "GET /_profiler/phpinfo HTTP/1.1" 404 1447 "-" "Mozilla/5.0 (Linux; Android 11; Pro Build/RKQ2.200567.005; wv) AppleWebKit/537.36 (KHTML, like Gecko) Version/4.0 Chrome/81.0.4044.145 Mobile Safari/537.36"
91.92.243.232 - - [22/Dec/2023:00:42:35 +0800] "GET / HTTP/1.1" 200 907 "-" "-"
31.59.254.16 - - [22/Dec/2023:00:51:31 +0800] "GET / HTTP/1.1" 200 907 "-" "Mozilla/5.0 (Windows NT 6.1; WOW64) AppleWebKit/537.36 (KHTML, like Gecko) Chrome/51.0.2704.103 Safari/537.36"
68.69.186.30 - - [22/Dec/2023:01:06:20 +0800] "GET / HTTP/1.1" 200 907 "-" "-"
124.70.70.4 - - [22/Dec/2023:01:42:49 +0800] "GET / HTTP/1.1" 200 533 "-" "Mozilla/5.0 (Linux; Android 11; Pro Build/RKQ2.200567.005; wv) AppleWebKit/537.36 (KHTML, like Gecko) Version/4.0 Chrome/81.0.4044.145 Mobile Safari/537.36"
121.36.70.110 - - [22/Dec/2023:02:13:50 +0800] "GET / HTTP/1.1" 200 533 "-" "Mozilla/5.0 (Linux; U; Android 11; zh-cn; Redmi K30 Pro Build/RKQ1.200826.002) AppleWebKit/537.36 (KHTML, like Gecko) Version/4.0 Chrome/79.0.3945.147 Mobile Safari/537.36"
34.78.6.216 - - [22/Dec/2023:02:21:59 +0800] "GET / HTTP/1.1" 200 533 "-" "python-requests/2.31.0"
187.108.66.228 - - [22/Dec/2023:03:16:30 +0800] "GET / HTTP/1.1" 200 907 "-" "Mozilla/5.0 (Windows NT 10.0; WOW64) AppleWebKit/537.36 (KHTML, like Gecko) Chrome/52.0.2743.116 Safari/537.36"
146.190.47.101 - - [22/Dec/2023:03:20:17 +0800] "GET / HTTP/1.1" 200 533 "-" "Mozilla/5.0 (Linux; Android 7.0; HUAWEI VNS-L31) AppleWebKit/537.36 (KHTML, like Gecko) Chrome/76.0.3809.111 Mobile Safari/537.36"
91.92.243.232 - - [22/Dec/2023:03:37:05 +0800] "GET / HTTP/1.1" 200 907 "-" "-"
94.102.53.6 - - [22/Dec/2023:03:47:43 +0800] "GET / HTTP/1.1" 200 533 "-" "Mozilla/5.0 (Windows NT 10.0; Win64; x64) AppleWebKit/537.36 (KHTML, like Gecko) Chrome/98.0.4758.102 Safari/537.36"
94.102.53.6 - - [22/Dec/2023:03:47:44 +0800] "GET /css/app.45730797.css HTTP/1.1" 200 1388 "http://123.60.101.59/" "Mozilla/5.0 (Windows NT 10.0; Win64; x64) AppleWebKit/537.36 (KHTML, like Gecko) Chrome/98.0.4758.102 Safari/537.36"
94.102.53.6 - - [22/Dec/2023:03:47:44 +0800] "GET /css/vendor.2ac1ba6a.css HTTP/1.1" 200 208920 "http://123.60.101.59/" "Mozilla/5.0 (Windows NT 10.0; Win64; x64) AppleWebKit/537.36 (KHTML, like Gecko) Chrome/98.0.4758.102 Safari/537.36"
94.102.53.6 - - [22/Dec/2023:03:47:44 +0800] "GET /js/app.e841cbbd.js HTTP/1.1" 500 88300 "http://123.60.101.59/" "Mozilla/5.0 (Windows NT 10.0; Win64; x64) AppleWebKit/537.36 (KHTML, like Gecko) Chrome/98.0.4758.102 Safari/537.36"
94.102.53.6 - - [22/Dec/2023:03:47:45 +0800] "GET /js/vendor.4a49a306.js HTTP/1.1" 200 2250325 "http://123.60.101.59/" "Mozilla/5.0 (Windows NT 10.0; Win64; x64) AppleWebKit/537.36 (KHTML, like Gecko) Chrome/98.0.4758.102 Safari/537.36"
107.170.229.43 - - [22/Dec/2023:03:50:49 +0800] "GET /actuator/health HTTP/1.1" 404 1445 "-" "Mozilla/5.0 zgrab/0.x"
123.249.111.22 - - [22/Dec/2023:03:58:13 +0800] "HEAD / HTTP/1.1" 200 0 "-" "Mozilla/5.0 (Linux; Android 11; Pro Build/RKQ2.200567.005; wv) AppleWebKit/537.36 (KHTML, like Gecko) Version/4.0 Chrome/81.0.4044.145 Mobile Safari/537.36"
123.249.111.22 - - [22/Dec/2023:03:58:13 +0800] "GET / HTTP/1.1" 200 533 "-" "Mozilla/5.0 (Linux; Android 11; Pro Build/RKQ2.200567.005; wv) AppleWebKit/537.36 (KHTML, like Gecko) Version/4.0 Chrome/81.0.4044.145 Mobile Safari/537.36"
163.172.226.67 - - [22/Dec/2023:04:13:17 +0800] "GET / HTTP/1.1" 200 533 "-" "Mozilla/5.0 (Windows NT 10.0; Win64; x64) AppleWebKit/537.36 (KHTML, like Gecko) Chrome/68.0.3440.106 Safari/537.36"
163.172.226.67 - - [22/Dec/2023:04:13:17 +0800] "GET /favicon.ico HTTP/1.1" 200 9431 "-" "Mozilla/5.0 (Windows NT 10.0; Win64; x64) AppleWebKit/537.36 (KHTML, like Gecko) Chrome/68.0.3440.106 Safari/537.36"
192.155.88.231 - - [22/Dec/2023:04:16:01 +0800] "GET / HTTP/1.1" 200 533 "-" "Mozilla/5.0 zgrab/0.x"
172.104.11.4 - - [22/Dec/2023:04:16:23 +0800] "GET / HTTP/1.1" 200 533 "-" "Mozilla/5.0 (Macintosh; Intel Mac OS X 13_1) AppleWebKit/537.36 (KHTML, like Gecko) Chrome/108.0.0.0 Safari/537.36"
78.153.140.219 - - [22/Dec/2023:04:17:47 +0800] "GET /.env HTTP/1.1" 404 1437 "-" "Mozilla/5.0 (X11; Linux x86_64) AppleWebKit/537.36 (KHTML, like Gecko) Chrome/81.0.4044.129 Safari/537.36"
92.194.71.88 - - [22/Dec/2023:04:53:39 +0800] "GET / HTTP/1.1" 200 907 "-" "Mozilla/5.0 (Windows NT 10.0; WOW64) AppleWebKit/537.36 (KHTML, like Gecko) Chrome/51.0.2704.103 Safari/537.36"
69.164.217.245 - - [22/Dec/2023:05:07:11 +0800] "GET / HTTP/1.1" 200 533 "-" "Mozilla/5.0 zgrab/0.x"
172.104.11.51 - - [22/Dec/2023:05:07:38 +0800] "GET / HTTP/1.1" 200 533 "-" "Mozilla/5.0 (Macintosh; Intel Mac OS X 13_1) AppleWebKit/537.36 (KHTML, like Gecko) Chrome/108.0.0.0 Safari/537.36"
83.97.73.87 - - [22/Dec/2023:05:10:09 +0800] "GET /?XDEBUG_SESSION_START=phpstorm HTTP/1.1" 200 533 "-" "Mozilla/5.0 (Windows NT 10.0; Win64; x64) AppleWebKit/537.36 (KHTML, like Gecko) Chrome/78.0.3904.108 Safari/537.36"
205.210.31.65 - - [22/Dec/2023:05:29:51 +0800] "GET / HTTP/1.1" 200 907 "-" "Expanse, a Palo Alto Networks company, searches across the global IPv4 space multiple times per day to identify customers&#39; presences on the Internet. If you would like to be excluded from our scans, please send IP addresses/domains to: scaninfo@paloaltonetworks.com"
91.92.243.232 - - [22/Dec/2023:05:38:04 +0800] "GET / HTTP/1.1" 200 907 "-" "-"
167.94.146.51 - - [22/Dec/2023:06:00:56 +0800] "GET / HTTP/1.1" 200 907 "-" "-"
167.94.146.51 - - [22/Dec/2023:06:01:00 +0800] "GET / HTTP/1.1" 200 533 "-" "Mozilla/5.0 (compatible; CensysInspect/1.1; +https://about.censys.io/)"
167.94.146.51 - - [22/Dec/2023:06:01:01 +0800] "GET /statics/icons/logo.png HTTP/1.1" 200 9431 "-" "Mozilla/5.0 (compatible; CensysInspect/1.1; +https://about.censys.io/)"
167.94.146.51 - - [22/Dec/2023:06:01:01 +0800] "GET /favicon.ico HTTP/1.1" 200 9431 "-" "Mozilla/5.0 (compatible; CensysInspect/1.1; +https://about.censys.io/)"
83.97.73.87 - - [22/Dec/2023:06:06:57 +0800] "GET /actuator/gateway/routes HTTP/1.1" 404 1452 "-" "Mozilla/5.0 (Windows NT 10.0; Win64; x64) AppleWebKit/537.36 (KHTML, like Gecko) Chrome/78.0.3904.108 Safari/537.36"
123.249.126.147 - - [22/Dec/2023:06:34:20 +0800] "GET /actuator/health HTTP/1.1" 404 1445 "-" "Mozilla/5.0 (Linux; U; Android 11; zh-cn; Redmi K30 Pro Build/RKQ1.200826.002) AppleWebKit/537.36 (KHTML, like Gecko) Version/4.0 Chrome/79.0.3945.147 Mobile Safari/537.36"
192.155.88.231 - - [22/Dec/2023:06:45:44 +0800] "GET / HTTP/1.1" 200 533 "-" "Mozilla/5.0 zgrab/0.x"
172.104.11.4 - - [22/Dec/2023:06:47:20 +0800] "GET / HTTP/1.1" 200 533 "-" "Mozilla/5.0 (Macintosh; Intel Mac OS X 13_1) AppleWebKit/537.36 (KHTML, like Gecko) Chrome/108.0.0.0 Safari/537.36"
35.203.211.105 - - [22/Dec/2023:06:59:29 +0800] "GET / HTTP/1.1" 200 907 "-" "Expanse, a Palo Alto Networks company, searches across the global IPv4 space multiple times per day to identify customers&#39; presences on the Internet. If you would like to be excluded from our scans, please send IP addresses/domains to: scaninfo@paloaltonetworks.com"
62.72.164.10 - - [22/Dec/2023:07:23:41 +0800] "GET / HTTP/1.1" 200 533 "-" "Linux Gnu (cow)"
114.96.103.33 - - [22/Dec/2023:07:41:17 +0800] "GET / HTTP/1.1" 200 533 "-" "Mozilla/5.0 (iPhone; CPU iPhone OS 13_2_3 like Mac OS X) AppleWebKit/605.1.15 (KHTML, like Gecko) Version/13.0.3 Mobile/15E148 Safari/604.1"
108.165.101.3 - - [22/Dec/2023:07:47:42 +0800] "GET /.env HTTP/1.1" 404 1437 "-" "Mozilla/5.0 (Macintosh;                 Intel Mac OS X 10_10_1) AppleWebKit/537.36 (KHTML,                 like Gecko) Chrome/39.0.2171.95 Safari/537.36"
108.165.101.3 - - [22/Dec/2023:07:47:46 +0800] "GET /sendgrid.env HTTP/1.1" 404 1443 "-" "Mozilla/5.0 (Macintosh;                 Intel Mac OS X 10_10_1) AppleWebKit/537.36 (KHTML,                 like Gecko) Chrome/39.0.2171.95 Safari/537.36"
108.165.101.3 - - [22/Dec/2023:07:47:50 +0800] "GET /core/.env HTTP/1.1" 404 1442 "-" "Mozilla/5.0 (Macintosh;                 Intel Mac OS X 10_10_1) AppleWebKit/537.36 (KHTML,                 like Gecko) Chrome/39.0.2171.95 Safari/537.36"
108.165.101.3 - - [22/Dec/2023:07:47:51 +0800] "GET /vendor/.env HTTP/1.1" 404 1443 "-" "Mozilla/5.0 (Macintosh;                 Intel Mac OS X 10_10_1) AppleWebKit/537.36 (KHTML,                 like Gecko) Chrome/39.0.2171.95 Safari/537.36"
108.165.101.3 - - [22/Dec/2023:07:47:54 +0800] "GET /assets/.env HTTP/1.1" 404 1442 "-" "Mozilla/5.0 (Macintosh;                 Intel Mac OS X 10_10_1) AppleWebKit/537.36 (KHTML,                 like Gecko) Chrome/39.0.2171.95 Safari/537.36"
108.165.101.3 - - [22/Dec/2023:07:47:59 +0800] "GET /storage/.env HTTP/1.1" 404 1444 "-" "Mozilla/5.0 (Macintosh;                 Intel Mac OS X 10_10_1) AppleWebKit/537.36 (KHTML,                 like Gecko) Chrome/39.0.2171.95 Safari/537.36"
108.165.101.3 - - [22/Dec/2023:07:48:06 +0800] "GET /public/.env HTTP/1.1" 404 1443 "-" "Mozilla/5.0 (Macintosh;                 Intel Mac OS X 10_10_1) AppleWebKit/537.36 (KHTML,                 like Gecko) Chrome/39.0.2171.95 Safari/537.36"
108.165.101.3 - - [22/Dec/2023:07:48:09 +0800] "GET /app/.env HTTP/1.1" 404 1440 "-" "Mozilla/5.0 (Macintosh;                 Intel Mac OS X 10_10_1) AppleWebKit/537.36 (KHTML,                 like Gecko) Chrome/39.0.2171.95 Safari/537.36"
108.165.101.3 - - [22/Dec/2023:07:48:09 +0800] "GET /admin/.env HTTP/1.1" 302 0 "-" "Mozilla/5.0 (Macintosh;                 Intel Mac OS X 10_10_1) AppleWebKit/537.36 (KHTML,                 like Gecko) Chrome/39.0.2171.95 Safari/537.36"
108.165.101.3 - - [22/Dec/2023:07:48:13 +0800] "GET /laravel/.env HTTP/1.1" 404 1443 "-" "Mozilla/5.0 (Macintosh;                 Intel Mac OS X 10_10_1) AppleWebKit/537.36 (KHTML,                 like Gecko) Chrome/39.0.2171.95 Safari/537.36"
108.165.101.3 - - [22/Dec/2023:07:48:16 +0800] "POST / HTTP/1.1" 405 0 "-" "Mozilla/5.0 (Macintosh;                 Intel Mac OS X 10_10_1) AppleWebKit/537.36 (KHTML,                 like Gecko) Chrome/39.0.2171.95 Safari/537.36"
45.79.168.172 - - [22/Dec/2023:08:13:56 +0800] "GET / HTTP/1.1" 200 533 "-" "Mozilla/5.0 zgrab/0.x"
45.79.172.21 - - [22/Dec/2023:08:14:25 +0800] "GET / HTTP/1.1" 200 533 "-" "Mozilla/5.0 (Macintosh; Intel Mac OS X 13_1) AppleWebKit/537.36 (KHTML, like Gecko) Chrome/108.0.0.0 Safari/537.36"
69.164.217.245 - - [22/Dec/2023:08:18:03 +0800] "GET / HTTP/1.1" 200 533 "-" "Mozilla/5.0 zgrab/0.x"
172.104.11.4 - - [22/Dec/2023:08:18:25 +0800] "GET / HTTP/1.1" 200 533 "-" "Mozilla/5.0 (Macintosh; Intel Mac OS X 13_1) AppleWebKit/537.36 (KHTML, like Gecko) Chrome/108.0.0.0 Safari/537.36"
91.92.243.232 - - [22/Dec/2023:08:45:33 +0800] "GET / HTTP/1.1" 200 907 "-" "-"
45.33.87.154 - - [22/Dec/2023:09:01:34 +0800] "GET / HTTP/1.1" 200 533 "-" "Mozilla/5.0 zgrab/0.x"
69.164.217.245 - - [22/Dec/2023:09:05:59 +0800] "GET / HTTP/1.1" 200 533 "-" "Mozilla/5.0 zgrab/0.x"
45.79.181.251 - - [22/Dec/2023:09:08:32 +0800] "GET / HTTP/1.1" 200 533 "-" "Mozilla/5.0 (Macintosh; Intel Mac OS X 13_1) AppleWebKit/537.36 (KHTML, like Gecko) Chrome/108.0.0.0 Safari/537.36"
198.74.56.46 - - [22/Dec/2023:09:26:59 +0800] "GET / HTTP/1.1" 200 533 "-" "Mozilla/5.0 zgrab/0.x"
172.104.11.4 - - [22/Dec/2023:09:27:33 +0800] "GET / HTTP/1.1" 200 533 "-" "Mozilla/5.0 (Macintosh; Intel Mac OS X 13_1) AppleWebKit/537.36 (KHTML, like Gecko) Chrome/108.0.0.0 Safari/537.36"
45.79.181.251 - - [22/Dec/2023:09:31:37 +0800] "GET / HTTP/1.1" 200 533 "-" "Mozilla/5.0 (Macintosh; Intel Mac OS X 13_1) AppleWebKit/537.36 (KHTML, like Gecko) Chrome/108.0.0.0 Safari/537.36"
120.26.193.88 - - [22/Dec/2023:09:42:00 +0800] "GET /1703209320 HTTP/1.1" 404 6864 "-" "Mozilla/5.0"
120.26.193.88 - - [22/Dec/2023:09:42:00 +0800] "POST /sdk HTTP/1.1" 404 6844 "-" "Mozilla/5.0"
120.26.193.88 - - [22/Dec/2023:09:42:00 +0800] "GET /evox/about HTTP/1.1" 404 6864 "-" "Mozilla/5.0"
120.26.193.88 - - [22/Dec/2023:09:42:00 +0800] "GET /HNAP1 HTTP/1.1" 404 6849 "-" "Mozilla/5.0"
120.26.193.88 - - [22/Dec/2023:09:42:19 +0800] "GET / HTTP/1.1" 200 907 "-" "-"
120.26.193.88 - - [22/Dec/2023:09:42:20 +0800] "GET / HTTP/1.1" 200 533 "-" "Mozilla/5.0 (Windows NT 6.1; WOW64; rv:34.0) Gecko/20100101 Firefox/34.0"
120.26.193.88 - - [22/Dec/2023:09:42:20 +0800] "GET /statics/icons/logo.png HTTP/1.1" 200 9431 "-" "curl/7.75.0"
120.26.193.88 - - [22/Dec/2023:09:42:20 +0800] "GET /robots.txt HTTP/1.1" 500 87093 "-" "curl/7.75.0"
51.254.59.113 - - [22/Dec/2023:09:52:02 +0800] "GET / HTTP/1.1" 200 907 "-" "Mozilla/5.0 (Windows NT 6.1) AppleWebKit/537.36 (KHTML, like Gecko) Chrome/41.0.2228.0 Safari/537.36"
69.164.217.74 - - [22/Dec/2023:09:52:56 +0800] "GET / HTTP/1.1" 200 533 "-" "Mozilla/5.0 zgrab/0.x"
45.79.181.104 - - [22/Dec/2023:09:53:28 +0800] "GET / HTTP/1.1" 200 533 "-" "Mozilla/5.0 (Macintosh; Intel Mac OS X 13_1) AppleWebKit/537.36 (KHTML, like Gecko) Chrome/108.0.0.0 Safari/537.36"
62.72.164.10 - - [22/Dec/2023:10:15:37 +0800] "GET / HTTP/1.1" 200 533 "-" "Linux Gnu (cow)"
148.153.45.238 - - [22/Dec/2023:10:44:14 +0800] "GET /kFz1 HTTP/1.1" 404 1439 "-" "Mozilla/5.0 (Macintosh; Intel Mac OS X 10.9; rv:32.0) Gecko/20100101 Firefox/32.0"
148.153.45.238 - - [22/Dec/2023:10:44:15 +0800] "GET /jDWX HTTP/1.1" 404 1439 "-" "Mozilla/5.0 (Macintosh; Intel Mac OS X 10.9; rv:32.0) Gecko/20100101 Firefox/32.0"
148.153.45.238 - - [22/Dec/2023:10:44:15 +0800] "GET /aab8 HTTP/1.1" 404 1437 "-" "Mozilla/5.0 (Macintosh; Intel Mac OS X 10.9; rv:32.0) Gecko/20100101 Firefox/32.0"
148.153.45.238 - - [22/Dec/2023:10:44:15 +0800] "GET /jquery-3.3.1.slim.min.js HTTP/1.1" 404 1455 "-" "Mozilla/5.0 (Macintosh; Intel Mac OS X 10.9; rv:32.0) Gecko/20100101 Firefox/32.0"
148.153.45.238 - - [22/Dec/2023:10:44:16 +0800] "GET /aab9 HTTP/1.1" 404 1437 "-" "Mozilla/5.0 (Macintosh; Intel Mac OS X 10.9; rv:32.0) Gecko/20100101 Firefox/32.0"
148.153.45.238 - - [22/Dec/2023:10:44:16 +0800] "GET /jquery-3.3.2.slim.min.js HTTP/1.1" 404 1455 "-" "Mozilla/5.0 (Macintosh; Intel Mac OS X 10.9; rv:32.0) Gecko/20100101 Firefox/32.0"
62.72.164.10 - - [22/Dec/2023:11:29:27 +0800] "GET / HTTP/1.1" 200 533 "-" "Linux Gnu (cow)"
162.243.152.4 - - [22/Dec/2023:11:37:51 +0800] "GET / HTTP/1.1" 200 533 "-" "Mozilla/5.0 zgrab/0.x"
185.180.140.5 - - [22/Dec/2023:12:35:52 +0800] "GET / HTTP/1.1" 200 533 "-" "Mozilla/5.0 (Windows NT 10.0; Win64; x64) AppleWebKit/537.36 (KHTML, like Gecko) Chrome/60.0.3112.113 Safari/537.36"
185.180.140.5 - - [22/Dec/2023:12:35:54 +0800] "GET /cf_scripts/scripts/ajax/ckeditor/ckeditor.js HTTP/1.1" 404 1462 "-" "Mozilla/5.0 (Windows NT 10.0; Win64; x64) AppleWebKit/537.36 (KHTML, like Gecko) Chrome/60.0.3112.113 Safari/537.36"
39.100.78.131 - - [22/Dec/2023:12:50:57 +0800] "GET / HTTP/1.1" 200 533 "-" "Mozilla/5.0 (Macintosh; Intel Mac OS X 10_14_6) AppleWebKit/537.36 (KHTML, like Gecko) Chrome/76.0.3809.132 Safari/537.36"
39.100.78.131 - - [22/Dec/2023:12:50:58 +0800] "GET /statics/icons/logo.png HTTP/1.1" 200 9431 "-" "fasthttp"
39.100.78.131 - - [22/Dec/2023:12:50:58 +0800] "GET /robots.txt HTTP/1.1" 500 86823 "-" "fasthttp"
39.100.78.131 - - [22/Dec/2023:12:51:01 +0800] "GET /sitemap.xml HTTP/1.1" 404 6867 "-" "fasthttp"
222.96.27.50 - - [22/Dec/2023:13:11:42 +0800] "GET http://123.60.101.59:80/phpMyAdmin/scripts/setup.php HTTP/1.0" 404 6918 "-" "-"
222.96.27.50 - - [22/Dec/2023:13:11:42 +0800] "GET http://123.60.101.59:80/phpmyadmin/scripts/setup.php HTTP/1.0" 404 6918 "-" "-"
222.96.27.50 - - [22/Dec/2023:13:11:43 +0800] "GET http://123.60.101.59:80/phpMyAdmin-2.11.4/scripts/setup.php HTTP/1.0" 404 6939 "-" "-"
222.96.27.50 - - [22/Dec/2023:13:11:43 +0800] "GET http://123.60.101.59:80/phpMyAdmin-2.11.3/scripts/setup.php HTTP/1.0" 404 6939 "-" "-"
222.96.27.50 - - [22/Dec/2023:13:11:43 +0800] "GET http://123.60.101.59:80/phpMyAdmin-2.10.0.2/scripts/setup.php HTTP/1.0" 404 6945 "-" "-"
45.33.87.154 - - [22/Dec/2023:13:17:32 +0800] "GET / HTTP/1.1" 200 533 "-" "Mozilla/5.0 zgrab/0.x"
45.79.181.179 - - [22/Dec/2023:13:17:53 +0800] "GET / HTTP/1.1" 200 533 "-" "Mozilla/5.0 (Macintosh; Intel Mac OS X 13_1) AppleWebKit/537.36 (KHTML, like Gecko) Chrome/108.0.0.0 Safari/537.36"
69.164.217.245 - - [22/Dec/2023:13:40:15 +0800] "GET / HTTP/1.1" 200 533 "-" "Mozilla/5.0 zgrab/0.x"
45.79.172.21 - - [22/Dec/2023:13:40:44 +0800] "GET / HTTP/1.1" 200 533 "-" "Mozilla/5.0 (Macintosh; Intel Mac OS X 13_1) AppleWebKit/537.36 (KHTML, like Gecko) Chrome/108.0.0.0 Safari/537.36"
123.249.111.22 - - [22/Dec/2023:13:48:11 +0800] "HEAD /kFz1 HTTP/1.1" 404 0 "-" "Mozilla/5.0 (Linux; U; Android 11; zh-cn; Redmi K30 Pro Build/RKQ1.200826.002) AppleWebKit/537.36 (KHTML, like Gecko) Version/4.0 Chrome/79.0.3945.147 Mobile Safari/537.36"
123.249.111.22 - - [22/Dec/2023:13:48:11 +0800] "GET /kFz1 HTTP/1.1" 404 1439 "-" "Mozilla/5.0 (Linux; U; Android 11; zh-cn; Redmi K30 Pro Build/RKQ1.200826.002) AppleWebKit/537.36 (KHTML, like Gecko) Version/4.0 Chrome/79.0.3945.147 Mobile Safari/537.36"
119.3.219.91 - - [22/Dec/2023:13:55:35 +0800] "HEAD /jDWX HTTP/1.1" 404 0 "-" "Mozilla/5.0 (Linux; U; Android 11; zh-cn; Redmi K30 Pro Build/RKQ1.200826.002) AppleWebKit/537.36 (KHTML, like Gecko) Version/4.0 Chrome/79.0.3945.147 Mobile Safari/537.36"
119.3.219.91 - - [22/Dec/2023:13:55:35 +0800] "GET /jDWX HTTP/1.1" 404 1439 "-" "Mozilla/5.0 (Linux; U; Android 11; zh-cn; Redmi K30 Pro Build/RKQ1.200826.002) AppleWebKit/537.36 (KHTML, like Gecko) Version/4.0 Chrome/79.0.3945.147 Mobile Safari/537.36"
45.33.87.154 - - [22/Dec/2023:14:16:27 +0800] "GET / HTTP/1.1" 200 533 "-" "Mozilla/5.0 zgrab/0.x"
172.104.11.51 - - [22/Dec/2023:14:16:37 +0800] "GET / HTTP/1.1" 200 533 "-" "Mozilla/5.0 (Macintosh; Intel Mac OS X 13_1) AppleWebKit/537.36 (KHTML, like Gecko) Chrome/108.0.0.0 Safari/537.36"
68.69.186.30 - - [22/Dec/2023:14:27:46 +0800] "GET / HTTP/1.1" 200 907 "-" "-"
107.170.229.49 - - [22/Dec/2023:15:38:41 +0800] "GET /portal/redlion HTTP/1.1" 404 1451 "-" "Mozilla/5.0 zgrab/0.x"
45.79.168.172 - - [22/Dec/2023:15:42:08 +0800] "GET / HTTP/1.1" 200 533 "-" "Mozilla/5.0 zgrab/0.x"
172.105.128.11 - - [22/Dec/2023:15:42:24 +0800] "GET / HTTP/1.1" 200 533 "-" "Mozilla/5.0 (Macintosh; Intel Mac OS X 13_1) AppleWebKit/537.36 (KHTML, like Gecko) Chrome/108.0.0.0 Safari/537.36"
45.33.87.154 - - [22/Dec/2023:16:12:58 +0800] "GET / HTTP/1.1" 200 533 "-" "Mozilla/5.0 zgrab/0.x"
172.105.128.13 - - [22/Dec/2023:16:13:50 +0800] "GET / HTTP/1.1" 200 533 "-" "Mozilla/5.0 (Macintosh; Intel Mac OS X 13_1) AppleWebKit/537.36 (KHTML, like Gecko) Chrome/108.0.0.0 Safari/537.36"
38.242.199.217 - - [22/Dec/2023:17:07:59 +0800] "GET /.env HTTP/1.1" 404 1437 "-" "Mozilla/5.0 (Macintosh; Intel Mac OS X 10_15_4) AppleWebKit/605.1.15 (KHTML, like Gecko) Version/13.1 Safari/605.1.15"
38.242.199.217 - - [22/Dec/2023:17:08:00 +0800] "GET /admin/.env HTTP/1.1" 302 0 "-" "Mozilla/5.0 (Macintosh; Intel Mac OS X 10_15_4) AppleWebKit/605.1.15 (KHTML, like Gecko) Version/13.1 Safari/605.1.15"
38.242.199.217 - - [22/Dec/2023:17:08:00 +0800] "GET /admin/login/?next=/admin/.env HTTP/1.1" 200 1006 "http://123.60.101.59/admin/.env" "Mozilla/5.0 (Macintosh; Intel Mac OS X 10_15_4) AppleWebKit/605.1.15 (KHTML, like Gecko) Version/13.1 Safari/605.1.15"
38.242.199.217 - - [22/Dec/2023:17:08:00 +0800] "GET /admin-app/.env HTTP/1.1" 404 1444 "-" "Mozilla/5.0 (Macintosh; Intel Mac OS X 10_13_6) AppleWebKit/537.36 (KHTML, like Gecko) Chrome/73.0.3683.103 Safari/537.3"
38.242.199.217 - - [22/Dec/2023:17:08:00 +0800] "GET /api/.env HTTP/1.1" 404 1443 "-" "Mozilla/5.0 (Windows NT 10.0; Win64; x64) AppleWebKit/537.36 (KHTML, like Gecko) Chrome/58.0.3029.110 Safari/537.3"
38.242.199.217 - - [22/Dec/2023:17:08:01 +0800] "GET /back/.env HTTP/1.1" 404 1449 "-" "Mozilla/5.0 (Windows NT 10.0; Win64; x64) AppleWebKit/537.36 (KHTML, like Gecko) Chrome/120.0.0.0 Safari/537.3"
38.242.199.217 - - [22/Dec/2023:17:08:01 +0800] "GET /backend/.env HTTP/1.1" 404 1452 "-" "Mozilla/5.0 (Macintosh; Intel Mac OS X 10_15_4) AppleWebKit/605.1.15 (KHTML, like Gecko) Version/13.1 Safari/605.1.15"
38.242.199.217 - - [22/Dec/2023:17:08:01 +0800] "GET /cp/.env HTTP/1.1" 404 1440 "-" "Mozilla/5.0 (Macintosh; Intel Mac OS X 10_15_4) AppleWebKit/605.1.15 (KHTML, like Gecko) Version/13.1 Safari/605.1.15"
38.242.199.217 - - [22/Dec/2023:17:08:02 +0800] "GET /development/.env HTTP/1.1" 404 1454 "-" "Mozilla/5.0 (Macintosh; Intel Mac OS X 10_15_4) AppleWebKit/605.1.15 (KHTML, like Gecko) Version/13.1 Safari/605.1.15"
38.242.199.217 - - [22/Dec/2023:17:08:02 +0800] "GET /docker/.env HTTP/1.1" 404 1444 "-" "Mozilla/5.0 (Macintosh; Intel Mac OS X 10_13_6) AppleWebKit/537.36 (KHTML, like Gecko) Chrome/73.0.3683.103 Safari/537.3"
38.242.199.217 - - [22/Dec/2023:17:08:02 +0800] "GET /local/.env HTTP/1.1" 404 1451 "-" "Mozilla/5.0 (Macintosh; Intel Mac OS X 10_15_7) AppleWebKit/605.1.15 (KHTML, like Gecko) Version/17.1.2 Safari/605.1.1"
38.242.199.217 - - [22/Dec/2023:17:08:02 +0800] "GET /private/.env HTTP/1.1" 404 1443 "-" "Mozilla/5.0 (Windows NT 10.0; Win64; x64) AppleWebKit/537.36 (KHTML, like Gecko) Chrome/120.0.0.0 Safari/537.3"
38.242.199.217 - - [22/Dec/2023:17:08:03 +0800] "GET /rest/.env HTTP/1.1" 404 1441 "-" "Mozilla/5.0 (Windows NT 10.0; Win64; x64) AppleWebKit/537.36 (KHTML, like Gecko) Chrome/120.0.0.0 Safari/537.3"
38.242.199.217 - - [22/Dec/2023:17:08:03 +0800] "GET /shared/.env HTTP/1.1" 404 1443 "-" "Mozilla/5.0 (Windows NT 10.0; Win64; x64) AppleWebKit/537.36 (KHTML, like Gecko) Chrome/58.0.3029.110 Safari/537.3"
38.242.199.217 - - [22/Dec/2023:17:08:03 +0800] "GET /laravel/.env HTTP/1.1" 404 1443 "-" "Mozilla/5.0 (Windows NT 10.0; Win64; x64) AppleWebKit/537.36 (KHTML, like Gecko) Chrome/120.0.0.0 Safari/537.36 Edg/120.0.0."
38.242.199.217 - - [22/Dec/2023:17:08:04 +0800] "GET /system/.env HTTP/1.1" 404 1443 "-" "Mozilla/5.0 (Macintosh; Intel Mac OS X 10_15_4) AppleWebKit/605.1.15 (KHTML, like Gecko) Version/13.1 Safari/605.1.15"
38.242.199.217 - - [22/Dec/2023:17:08:04 +0800] "GET /sources/.env HTTP/1.1" 404 1443 "-" "Mozilla/5.0 (Windows NT 10.0; Win64; x64) AppleWebKit/537.36 (KHTML, like Gecko) Chrome/120.0.0.0 Safari/537.36 Edg/120.0.0."
38.242.199.217 - - [22/Dec/2023:17:08:04 +0800] "GET /public/.env HTTP/1.1" 404 1443 "-" "Mozilla/5.0 (Macintosh; Intel Mac OS X 10_15_4) AppleWebKit/605.1.15 (KHTML, like Gecko) Version/13.1 Safari/605.1.15"
38.242.199.217 - - [22/Dec/2023:17:08:04 +0800] "GET /v1/.env HTTP/1.1" 404 1440 "-" "Mozilla/5.0 (Macintosh; Intel Mac OS X 10_12_6) AppleWebKit/537.36 (KHTML, like Gecko) Chrome/103.0.0.0 Safari/537.3"
38.242.199.217 - - [22/Dec/2023:17:08:05 +0800] "GET /app/.env HTTP/1.1" 404 1440 "-" "Mozilla/5.0 (Windows NT 10.0; Win64; x64) AppleWebKit/537.36 (KHTML, like Gecko) Chrome/58.0.3029.110 Safari/537.3"
38.242.199.217 - - [22/Dec/2023:17:08:05 +0800] "GET /config/.env HTTP/1.1" 404 1443 "-" "Mozilla/5.0 (Macintosh; Intel Mac OS X 10_15_4) AppleWebKit/605.1.15 (KHTML, like Gecko) Version/13.1 Safari/605.1.15"
38.242.199.217 - - [22/Dec/2023:17:08:05 +0800] "GET /core/.env HTTP/1.1" 404 1442 "-" "Mozilla/5.0 (Macintosh; Intel Mac OS X 10_12_6) AppleWebKit/537.36 (KHTML, like Gecko) Chrome/103.0.0.0 Safari/537.3"
38.242.199.217 - - [22/Dec/2023:17:08:05 +0800] "GET /apps/.env HTTP/1.1" 404 1441 "-" "Mozilla/5.0 (Macintosh; Intel Mac OS X 10_15_4) AppleWebKit/605.1.15 (KHTML, like Gecko) Version/13.1 Safari/605.1.15"
38.242.199.217 - - [22/Dec/2023:17:08:06 +0800] "GET /lib/.env HTTP/1.1" 404 1441 "-" "Mozilla/5.0 (Windows NT 10.0; Win64; x64) AppleWebKit/537.36 (KHTML, like Gecko) Chrome/120.0.0.0 Safari/537.3"
38.242.199.217 - - [22/Dec/2023:17:08:06 +0800] "GET /cron/.env HTTP/1.1" 404 1441 "-" "Mozilla/5.0 (Windows NT 10.0; Win64; x64) AppleWebKit/537.36 (KHTML, like Gecko) Chrome/58.0.3029.110 Safari/537.3"
38.242.199.217 - - [22/Dec/2023:17:08:06 +0800] "GET /database/.env HTTP/1.1" 404 1451 "-" "Mozilla/5.0 (Windows NT 10.0; Win64; x64) AppleWebKit/537.36 (KHTML, like Gecko) Chrome/120.0.0.0 Safari/537.3"
38.242.199.217 - - [22/Dec/2023:17:08:07 +0800] "GET /uploads/.env HTTP/1.1" 404 1450 "-" "Mozilla/5.0 (Windows NT 10.0; Win64; x64) AppleWebKit/537.36 (KHTML, like Gecko) Chrome/58.0.3029.110 Safari/537.3"
38.242.199.217 - - [22/Dec/2023:17:08:07 +0800] "GET /site/.env HTTP/1.1" 404 1441 "-" "Mozilla/5.0 (Macintosh; Intel Mac OS X 10_15_7) AppleWebKit/605.1.15 (KHTML, like Gecko) Version/17.1.2 Safari/605.1.1"
38.242.199.217 - - [22/Dec/2023:17:08:07 +0800] "GET /web/.env HTTP/1.1" 404 1441 "-" "Mozilla/5.0 (Windows NT 10.0; Win64; x64) AppleWebKit/537.36 (KHTML, like Gecko) Chrome/120.0.0.0 Safari/537.3"
38.242.199.217 - - [22/Dec/2023:17:08:07 +0800] "GET /administrator/.env HTTP/1.1" 404 1445 "-" "Mozilla/5.0 (Windows NT 10.0; Win64; x64) AppleWebKit/537.36 (KHTML, like Gecko) Chrome/120.0.0.0 Safari/537.36 Edg/120.0.0."
203.2.64.59 - - [22/Dec/2023:17:39:00 +0800] "GET / HTTP/1.1" 200 533 "-" "Mozilla/5.0 (iPhone; CPU iPhone OS 13_2_3 like Mac OS X) AppleWebKit/605.1.15 (KHTML, like Gecko) Version/13.0.3 Mobile/15E148 Safari/604.1"
143.198.221.1 - - [22/Dec/2023:17:45:59 +0800] "GET / HTTP/1.1" 200 907 "-" "Mozilla/5.0 (Windows NT 10.0; Win64; x64) AppleWebKit/537.36 (KHTML, like Gecko) Chrome/70.0.3538.77 Safari/537.36"
45.33.80.243 - - [22/Dec/2023:18:05:35 +0800] "GET / HTTP/1.1" 200 533 "-" "Mozilla/5.0 (Macintosh; Intel Mac OS X 13_1) AppleWebKit/537.36 (KHTML, like Gecko) Chrome/108.0.0.0 Safari/537.36"
192.155.88.231 - - [22/Dec/2023:18:56:40 +0800] "GET / HTTP/1.1" 200 533 "-" "Mozilla/5.0 zgrab/0.x"
45.79.181.104 - - [22/Dec/2023:18:56:54 +0800] "GET / HTTP/1.1" 200 533 "-" "Mozilla/5.0 (Macintosh; Intel Mac OS X 13_1) AppleWebKit/537.36 (KHTML, like Gecko) Chrome/108.0.0.0 Safari/537.36"
91.92.243.232 - - [22/Dec/2023:19:01:59 +0800] "GET / HTTP/1.1" 200 907 "-" "-"
185.180.143.71 - - [22/Dec/2023:19:16:43 +0800] "GET / HTTP/1.1" 200 533 "-" "Mozilla/5.0 (Windows NT 10.0; Win64; x64) AppleWebKit/537.36 (KHTML, like Gecko) Chrome/60.0.3112.113 Safari/537.36"
185.180.143.71 - - [22/Dec/2023:19:16:43 +0800] "GET /cf_scripts/scripts/ajax/ckeditor/ckeditor.js HTTP/1.1" 404 1462 "-" "Mozilla/5.0 (Windows NT 10.0; Win64; x64) AppleWebKit/537.36 (KHTML, like Gecko) Chrome/60.0.3112.113 Safari/537.36"
198.199.116.41 - - [22/Dec/2023:19:52:50 +0800] "GET / HTTP/1.1" 200 533 "-" "Mozilla/5.0 zgrab/0.x"
94.102.61.80 - - [22/Dec/2023:20:06:59 +0800] "GET / HTTP/1.1" 200 533 "-" "Mozilla/5.0 (Windows NT 10.0; Win64; x64) AppleWebKit/537.36 (KHTML, like Gecko) Chrome/88.0.4324.190 Safari/537.36"
151.235.185.169 - - [22/Dec/2023:20:08:40 +0800] "GET / HTTP/1.1" 200 907 "-" "Mozilla/5.0 (Windows NT 10.0; WOW64) AppleWebKit/537.36 (KHTML, like Gecko) Chrome/52.0.2743.116 Safari/537.36"
62.72.164.10 - - [22/Dec/2023:21:20:00 +0800] "GET / HTTP/1.1" 200 533 "-" "Linux Gnu (cow)"
64.62.197.89 - - [22/Dec/2023:22:05:09 +0800] "GET / HTTP/1.1" 200 533 "-" "Mozilla/5.0 (Windows NT 10.0; Win64; x64) AppleWebKit/537.36 (KHTML, like Gecko) Chrome/99.0.4844.51 Safari/537.36"
64.62.197.89 - - [22/Dec/2023:22:05:50 +0800] "GET /webui/ HTTP/1.1" 404 1438 "-" "Mozilla/5.0 (Windows NT 10.0; Win64; x64) AppleWebKit/537.36 (KHTML, like Gecko) Chrome/107.0.0.0 Safari/537.36"
64.62.197.84 - - [22/Dec/2023:22:06:43 +0800] "GET /favicon.ico HTTP/1.1" 200 9431 "-" "Mozilla/5.0 (X11; Linux x86_64; rv:109.0) Gecko/20100101 Firefox/110.0"
64.62.197.88 - - [22/Dec/2023:22:07:13 +0800] "GET /geoserver/web/ HTTP/1.1" 404 1453 "-" "Mozilla/5.0 (Windows NT 10.0; Win64; x64) AppleWebKit/537.36 (KHTML, like Gecko) Chrome/99.0.4844.51 Safari/537.36"
45.33.87.154 - - [22/Dec/2023:22:14:12 +0800] "GET / HTTP/1.1" 200 533 "-" "Mozilla/5.0 zgrab/0.x"
45.33.80.243 - - [22/Dec/2023:22:14:27 +0800] "GET / HTTP/1.1" 200 533 "-" "Mozilla/5.0 (Macintosh; Intel Mac OS X 13_1) AppleWebKit/537.36 (KHTML, like Gecko) Chrome/108.0.0.0 Safari/537.36"
45.33.87.154 - - [22/Dec/2023:22:42:44 +0800] "GET / HTTP/1.1" 200 533 "-" "Mozilla/5.0 zgrab/0.x"
172.104.11.4 - - [22/Dec/2023:22:42:58 +0800] "GET / HTTP/1.1" 200 533 "-" "Mozilla/5.0 (Macintosh; Intel Mac OS X 13_1) AppleWebKit/537.36 (KHTML, like Gecko) Chrome/108.0.0.0 Safari/537.36"
167.172.140.180 - - [22/Dec/2023:22:45:20 +0800] "GET / HTTP/1.1" 200 533 "-" "Mozilla/5.0 (Windows NT 10.0; Win64; x64; rv:109.0) Gecko/20100101 Firefox/120.0"
143.110.155.26 - - [22/Dec/2023:22:48:21 +0800] "GET / HTTP/1.1" 200 533 "-" "Mozilla/5.0 (Windows NT 10.0; Win64; x64; rv:109.0) Gecko/20100101 Firefox/120.0"
69.164.217.74 - - [22/Dec/2023:23:10:39 +0800] "GET / HTTP/1.1" 200 533 "-" "Mozilla/5.0 zgrab/0.x"
172.104.11.4 - - [22/Dec/2023:23:11:21 +0800] "GET / HTTP/1.1" 200 533 "-" "Mozilla/5.0 (Macintosh; Intel Mac OS X 13_1) AppleWebKit/537.36 (KHTML, like Gecko) Chrome/108.0.0.0 Safari/537.36"
45.79.168.172 - - [23/Dec/2023:00:24:25 +0800] "GET / HTTP/1.1" 200 533 "-" "Mozilla/5.0 zgrab/0.x"
45.79.181.179 - - [23/Dec/2023:00:24:43 +0800] "GET / HTTP/1.1" 200 533 "-" "Mozilla/5.0 (Macintosh; Intel Mac OS X 13_1) AppleWebKit/537.36 (KHTML, like Gecko) Chrome/108.0.0.0 Safari/537.36"
54.198.23.32 - - [23/Dec/2023:00:33:46 +0800] "GET / HTTP/1.1" 200 533 "-" "Mozilla/5.0 (Windows NT 10.0; Win64; x64) AppleWebKit/537.36 (KHTML, like Gecko) Chrome/118.0.0.0 Safari/537.36"
54.198.23.32 - - [23/Dec/2023:00:33:46 +0800] "GET /robots.txt HTTP/1.1" 500 87074 "-" "Mozilla/5.0 (Windows NT 10.0; Win64; x64) AppleWebKit/537.36 (KHTML, like Gecko) Chrome/118.0.0.0 Safari/537.36"
54.198.23.32 - - [23/Dec/2023:00:33:46 +0800] "GET /aaaaaaaaaaaaaaaaaaaaaaaaaqr HTTP/1.1" 404 1444 "-" "Mozilla/5.0 (Windows NT 10.0; Win64; x64) AppleWebKit/537.36 (KHTML, like Gecko) Chrome/118.0.0.0 Safari/537.36"
54.198.23.32 - - [23/Dec/2023:00:33:46 +0800] "GET /99vt HTTP/1.1" 404 1438 "-" "Mozilla/5.0 (Windows NT 10.0; Win64; x64) AppleWebKit/537.36 (KHTML, like Gecko) Chrome/118.0.0.0 Safari/537.36"
54.198.23.32 - - [23/Dec/2023:00:33:46 +0800] "GET /gate.php HTTP/1.1" 404 1440 "-" "Mozilla/5.0 (Windows NT 10.0; Win64; x64) AppleWebKit/537.36 (KHTML, like Gecko) Chrome/118.0.0.0 Safari/537.36"
54.198.23.32 - - [23/Dec/2023:00:33:46 +0800] "GET /robots.txt HTTP/1.1" 500 87074 "-" "Mozilla/5.0 (Windows NT 10.0; Win64; x64) AppleWebKit/537.36 (KHTML, like Gecko) Chrome/118.0.0.0 Safari/537.36"
54.198.23.32 - - [23/Dec/2023:00:33:47 +0800] "GET /99vu HTTP/1.1" 404 1438 "-" "Mozilla/5.0 (Windows NT 10.0; Win64; x64) AppleWebKit/537.36 (KHTML, like Gecko) Chrome/118.0.0.0 Safari/537.36"
123.249.68.177 - - [23/Dec/2023:00:55:14 +0800] "HEAD / HTTP/1.1" 200 0 "-" "Mozilla/5.0 (Linux; Android 11; Pro Build/RKQ2.200567.005; wv) AppleWebKit/537.36 (KHTML, like Gecko) Version/4.0 Chrome/81.0.4044.145 Mobile Safari/537.36"
123.249.68.177 - - [23/Dec/2023:00:55:14 +0800] "GET / HTTP/1.1" 200 533 "-" "Mozilla/5.0 (Linux; Android 11; Pro Build/RKQ2.200567.005; wv) AppleWebKit/537.36 (KHTML, like Gecko) Version/4.0 Chrome/81.0.4044.145 Mobile Safari/537.36"
182.44.9.147 - - [23/Dec/2023:01:07:47 +0800] "GET / HTTP/1.1" 200 533 "-" "Mozilla/5.0 (iPhone; CPU iPhone OS 13_2_3 like Mac OS X) AppleWebKit/605.1.15 (KHTML, like Gecko) Version/13.0.3 Mobile/15E148 Safari/604.1"
123.249.111.22 - - [23/Dec/2023:01:54:13 +0800] "GET /geoserver/web/ HTTP/1.1" 404 1453 "-" "Mozilla/5.0 (Linux; Android 11; Pro Build/RKQ2.200567.005; wv) AppleWebKit/537.36 (KHTML, like Gecko) Version/4.0 Chrome/81.0.4044.145 Mobile Safari/537.36"
130.211.54.158 - - [23/Dec/2023:02:07:11 +0800] "GET / HTTP/1.1" 200 533 "-" "python-requests/2.31.0"
172.104.210.105 - - [23/Dec/2023:02:38:27 +0800] "GET / HTTP/1.1" 200 533 "-" "Mozilla/5.0 zgrab/0.x"
45.79.172.21 - - [23/Dec/2023:02:39:55 +0800] "GET / HTTP/1.1" 200 533 "-" "Mozilla/5.0 (Macintosh; Intel Mac OS X 13_1) AppleWebKit/537.36 (KHTML, like Gecko) Chrome/108.0.0.0 Safari/537.36"
45.79.163.53 - - [23/Dec/2023:02:46:08 +0800] "GET / HTTP/1.1" 200 533 "-" "Mozilla/5.0 zgrab/0.x"
172.104.11.51 - - [23/Dec/2023:02:46:23 +0800] "GET / HTTP/1.1" 200 533 "-" "Mozilla/5.0 (Macintosh; Intel Mac OS X 13_1) AppleWebKit/537.36 (KHTML, like Gecko) Chrome/108.0.0.0 Safari/537.36"
162.243.147.34 - - [23/Dec/2023:02:55:14 +0800] "GET /hudson HTTP/1.1" 404 1438 "-" "Mozilla/5.0 zgrab/0.x"
123.249.94.157 - - [23/Dec/2023:03:08:32 +0800] "GET /mnt/mtd/Config/Account2 HTTP/1.1" 404 1451 "-" "Mozilla/5.0 (Linux; U; Android 11; zh-cn; Redmi K30 Pro Build/RKQ1.200826.002) AppleWebKit/537.36 (KHTML, like Gecko) Version/4.0 Chrome/79.0.3945.147 Mobile Safari/537.36"
123.249.111.22 - - [23/Dec/2023:03:45:18 +0800] "HEAD /aaaaaaaaaaaaaaaaaaaaaaaaaqr HTTP/1.1" 404 0 "-" "Mozilla/5.0 (Linux; Android 11; Pro Build/RKQ2.200567.005; wv) AppleWebKit/537.36 (KHTML, like Gecko) Version/4.0 Chrome/81.0.4044.145 Mobile Safari/537.36"
123.249.111.22 - - [23/Dec/2023:03:45:18 +0800] "GET /aaaaaaaaaaaaaaaaaaaaaaaaaqr HTTP/1.1" 404 1444 "-" "Mozilla/5.0 (Linux; Android 11; Pro Build/RKQ2.200567.005; wv) AppleWebKit/537.36 (KHTML, like Gecko) Version/4.0 Chrome/81.0.4044.145 Mobile Safari/537.36"
123.249.90.84 - - [23/Dec/2023:04:00:29 +0800] "HEAD /99vt HTTP/1.1" 404 0 "-" "Mozilla/5.0 (Linux; Android 11; Pro Build/RKQ2.200567.005; wv) AppleWebKit/537.36 (KHTML, like Gecko) Version/4.0 Chrome/81.0.4044.145 Mobile Safari/537.36"
123.249.90.84 - - [23/Dec/2023:04:00:29 +0800] "GET /99vt HTTP/1.1" 404 1438 "-" "Mozilla/5.0 (Linux; Android 11; Pro Build/RKQ2.200567.005; wv) AppleWebKit/537.36 (KHTML, like Gecko) Version/4.0 Chrome/81.0.4044.145 Mobile Safari/537.36"
123.249.94.157 - - [23/Dec/2023:04:04:18 +0800] "HEAD /99vu HTTP/1.1" 404 0 "-" "Mozilla/5.0 (Linux; Android 11; Pro Build/RKQ2.200567.005; wv) AppleWebKit/537.36 (KHTML, like Gecko) Version/4.0 Chrome/81.0.4044.145 Mobile Safari/537.36"
123.249.94.157 - - [23/Dec/2023:04:04:19 +0800] "GET /99vu HTTP/1.1" 404 1438 "-" "Mozilla/5.0 (Linux; Android 11; Pro Build/RKQ2.200567.005; wv) AppleWebKit/537.36 (KHTML, like Gecko) Version/4.0 Chrome/81.0.4044.145 Mobile Safari/537.36"
45.33.87.154 - - [23/Dec/2023:04:05:15 +0800] "GET / HTTP/1.1" 200 533 "-" "Mozilla/5.0 zgrab/0.x"
45.79.181.223 - - [23/Dec/2023:04:05:41 +0800] "GET / HTTP/1.1" 200 533 "-" "Mozilla/5.0 (Macintosh; Intel Mac OS X 13_1) AppleWebKit/537.36 (KHTML, like Gecko) Chrome/108.0.0.0 Safari/537.36"
172.104.210.105 - - [23/Dec/2023:04:15:01 +0800] "GET / HTTP/1.1" 200 533 "-" "Mozilla/5.0 zgrab/0.x"
45.79.181.104 - - [23/Dec/2023:04:15:20 +0800] "GET / HTTP/1.1" 200 533 "-" "Mozilla/5.0 (Macintosh; Intel Mac OS X 13_1) AppleWebKit/537.36 (KHTML, like Gecko) Chrome/108.0.0.0 Safari/537.36"
108.165.101.3 - - [23/Dec/2023:05:02:58 +0800] "GET /.env HTTP/1.1" 404 1437 "-" "Mozilla/5.0 (X11; Linux x86_64) AppleWebKit/537.36 (KHTML, like Gecko) Chrome/81.0.4044.129 Safari/537.36"
108.165.101.3 - - [23/Dec/2023:05:03:01 +0800] "GET /conf/.env HTTP/1.1" 404 1441 "-" "Mozilla/5.0 (X11; Linux x86_64) AppleWebKit/537.36 (KHTML, like Gecko) Chrome/81.0.4044.129 Safari/537.36"
108.165.101.3 - - [23/Dec/2023:05:03:05 +0800] "GET /wp-content/.env HTTP/1.1" 404 1443 "-" "Mozilla/5.0 (X11; Linux x86_64) AppleWebKit/537.36 (KHTML, like Gecko) Chrome/81.0.4044.129 Safari/537.36"
108.165.101.3 - - [23/Dec/2023:05:03:08 +0800] "GET /wp-admin/.env HTTP/1.1" 404 1452 "-" "Mozilla/5.0 (X11; Linux x86_64) AppleWebKit/537.36 (KHTML, like Gecko) Chrome/81.0.4044.129 Safari/537.36"
108.165.101.3 - - [23/Dec/2023:05:03:11 +0800] "GET /library/.env HTTP/1.1" 404 1444 "-" "Mozilla/5.0 (X11; Linux x86_64) AppleWebKit/537.36 (KHTML, like Gecko) Chrome/81.0.4044.129 Safari/537.36"
108.165.101.3 - - [23/Dec/2023:05:03:15 +0800] "GET /new/.env HTTP/1.1" 404 1440 "-" "Mozilla/5.0 (X11; Linux x86_64) AppleWebKit/537.36 (KHTML, like Gecko) Chrome/81.0.4044.129 Safari/537.36"
108.165.101.3 - - [23/Dec/2023:05:03:19 +0800] "GET /vendor/.env HTTP/1.1" 404 1443 "-" "Mozilla/5.0 (X11; Linux x86_64) AppleWebKit/537.36 (KHTML, like Gecko) Chrome/81.0.4044.129 Safari/537.36"
108.165.101.3 - - [23/Dec/2023:05:03:22 +0800] "GET /old/.env HTTP/1.1" 404 1441 "-" "Mozilla/5.0 (X11; Linux x86_64) AppleWebKit/537.36 (KHTML, like Gecko) Chrome/81.0.4044.129 Safari/537.36"
108.165.101.3 - - [23/Dec/2023:05:03:26 +0800] "GET /local/.env HTTP/1.1" 404 1451 "-" "Mozilla/5.0 (X11; Linux x86_64) AppleWebKit/537.36 (KHTML, like Gecko) Chrome/81.0.4044.129 Safari/537.36"
108.165.101.3 - - [23/Dec/2023:05:03:29 +0800] "GET /api/.env HTTP/1.1" 404 1443 "-" "Mozilla/5.0 (X11; Linux x86_64) AppleWebKit/537.36 (KHTML, like Gecko) Chrome/81.0.4044.129 Safari/537.36"
108.165.101.3 - - [23/Dec/2023:05:03:33 +0800] "GET /blog/.env HTTP/1.1" 404 1442 "-" "Mozilla/5.0 (X11; Linux x86_64) AppleWebKit/537.36 (KHTML, like Gecko) Chrome/81.0.4044.129 Safari/537.36"
108.165.101.3 - - [23/Dec/2023:05:03:36 +0800] "GET /crm/.env HTTP/1.1" 404 1440 "-" "Mozilla/5.0 (X11; Linux x86_64) AppleWebKit/537.36 (KHTML, like Gecko) Chrome/81.0.4044.129 Safari/537.36"
108.165.101.3 - - [23/Dec/2023:05:03:39 +0800] "GET /admin/.env HTTP/1.1" 302 0 "-" "Mozilla/5.0 (X11; Linux x86_64) AppleWebKit/537.36 (KHTML, like Gecko) Chrome/81.0.4044.129 Safari/537.36"
108.165.101.3 - - [23/Dec/2023:05:03:43 +0800] "GET /laravel/.env HTTP/1.1" 404 1443 "-" "Mozilla/5.0 (X11; Linux x86_64) AppleWebKit/537.36 (KHTML, like Gecko) Chrome/81.0.4044.129 Safari/537.36"
108.165.101.3 - - [23/Dec/2023:05:03:46 +0800] "GET /app/.env HTTP/1.1" 404 1440 "-" "Mozilla/5.0 (X11; Linux x86_64) AppleWebKit/537.36 (KHTML, like Gecko) Chrome/81.0.4044.129 Safari/537.36"
108.165.101.3 - - [23/Dec/2023:05:03:50 +0800] "GET /app/config/.env HTTP/1.1" 404 1446 "-" "Mozilla/5.0 (X11; Linux x86_64) AppleWebKit/537.36 (KHTML, like Gecko) Chrome/81.0.4044.129 Safari/537.36"
108.165.101.3 - - [23/Dec/2023:05:03:54 +0800] "GET /apps/.env HTTP/1.1" 404 1441 "-" "Mozilla/5.0 (X11; Linux x86_64) AppleWebKit/537.36 (KHTML, like Gecko) Chrome/81.0.4044.129 Safari/537.36"
108.165.101.3 - - [23/Dec/2023:05:03:57 +0800] "GET /audio/.env HTTP/1.1" 404 1442 "-" "Mozilla/5.0 (X11; Linux x86_64) AppleWebKit/537.36 (KHTML, like Gecko) Chrome/81.0.4044.129 Safari/537.36"
108.165.101.3 - - [23/Dec/2023:05:04:00 +0800] "GET /cgi-bin/.env HTTP/1.1" 404 1444 "-" "Mozilla/5.0 (X11; Linux x86_64) AppleWebKit/537.36 (KHTML, like Gecko) Chrome/81.0.4044.129 Safari/537.36"
108.165.101.3 - - [23/Dec/2023:05:04:04 +0800] "GET /backend/.env HTTP/1.1" 404 1452 "-" "Mozilla/5.0 (X11; Linux x86_64) AppleWebKit/537.36 (KHTML, like Gecko) Chrome/81.0.4044.129 Safari/537.36"
108.165.101.3 - - [23/Dec/2023:05:04:07 +0800] "GET /src/.env HTTP/1.1" 404 1440 "-" "Mozilla/5.0 (X11; Linux x86_64) AppleWebKit/537.36 (KHTML, like Gecko) Chrome/81.0.4044.129 Safari/537.36"
108.165.101.3 - - [23/Dec/2023:05:04:10 +0800] "GET /base/.env HTTP/1.1" 404 1449 "-" "Mozilla/5.0 (X11; Linux x86_64) AppleWebKit/537.36 (KHTML, like Gecko) Chrome/81.0.4044.129 Safari/537.36"
108.165.101.3 - - [23/Dec/2023:05:04:14 +0800] "GET /core/.env HTTP/1.1" 404 1442 "-" "Mozilla/5.0 (X11; Linux x86_64) AppleWebKit/537.36 (KHTML, like Gecko) Chrome/81.0.4044.129 Safari/537.36"
108.165.101.3 - - [23/Dec/2023:05:04:17 +0800] "GET /vendor/laravel/.env HTTP/1.1" 404 1449 "-" "Mozilla/5.0 (X11; Linux x86_64) AppleWebKit/537.36 (KHTML, like Gecko) Chrome/81.0.4044.129 Safari/537.36"
108.165.101.3 - - [23/Dec/2023:05:04:21 +0800] "GET /storage/.env HTTP/1.1" 404 1444 "-" "Mozilla/5.0 (X11; Linux x86_64) AppleWebKit/537.36 (KHTML, like Gecko) Chrome/81.0.4044.129 Safari/537.36"
108.165.101.3 - - [23/Dec/2023:05:04:24 +0800] "GET /protected/.env HTTP/1.1" 404 1445 "-" "Mozilla/5.0 (X11; Linux x86_64) AppleWebKit/537.36 (KHTML, like Gecko) Chrome/81.0.4044.129 Safari/537.36"
108.165.101.3 - - [23/Dec/2023:05:04:28 +0800] "GET /newsite/.env HTTP/1.1" 404 1443 "-" "Mozilla/5.0 (X11; Linux x86_64) AppleWebKit/537.36 (KHTML, like Gecko) Chrome/81.0.4044.129 Safari/537.36"
108.165.101.3 - - [23/Dec/2023:05:04:31 +0800] "GET /www/.env HTTP/1.1" 404 1441 "-" "Mozilla/5.0 (X11; Linux x86_64) AppleWebKit/537.36 (KHTML, like Gecko) Chrome/81.0.4044.129 Safari/537.36"
108.165.101.3 - - [23/Dec/2023:05:04:35 +0800] "GET /sites/all/libraries/mailchimp/.env HTTP/1.1" 404 1461 "-" "Mozilla/5.0 (X11; Linux x86_64) AppleWebKit/537.36 (KHTML, like Gecko) Chrome/81.0.4044.129 Safari/537.36"
108.165.101.3 - - [23/Dec/2023:05:04:38 +0800] "GET /database/.env HTTP/1.1" 404 1451 "-" "Mozilla/5.0 (X11; Linux x86_64) AppleWebKit/537.36 (KHTML, like Gecko) Chrome/81.0.4044.129 Safari/537.36"
108.165.101.3 - - [23/Dec/2023:05:04:41 +0800] "GET /public/.env HTTP/1.1" 404 1443 "-" "Mozilla/5.0 (X11; Linux x86_64) AppleWebKit/537.36 (KHTML, like Gecko) Chrome/81.0.4044.129 Safari/537.36"
108.165.101.3 - - [23/Dec/2023:05:04:45 +0800] "GET /__tests__/test-become/.env HTTP/1.1" 404 1455 "-" "Mozilla/5.0 (X11; Linux x86_64) AppleWebKit/537.36 (KHTML, like Gecko) Chrome/81.0.4044.129 Safari/537.36"
108.165.101.3 - - [23/Dec/2023:05:04:48 +0800] "GET /redmine/.env HTTP/1.1" 404 1443 "-" "Mozilla/5.0 (X11; Linux x86_64) AppleWebKit/537.36 (KHTML, like Gecko) Chrome/81.0.4044.129 Safari/537.36"
108.165.101.3 - - [23/Dec/2023:05:04:51 +0800] "GET /gists/cache HTTP/1.1" 404 1442 "-" "Mozilla/5.0 (X11; Linux x86_64) AppleWebKit/537.36 (KHTML, like Gecko) Chrome/81.0.4044.129 Safari/537.36"
108.165.101.3 - - [23/Dec/2023:05:04:54 +0800] "GET /uploads/.env HTTP/1.1" 404 1450 "-" "Mozilla/5.0 (X11; Linux x86_64) AppleWebKit/537.36 (KHTML, like Gecko) Chrome/81.0.4044.129 Safari/537.36"
108.165.101.3 - - [23/Dec/2023:05:04:58 +0800] "GET /lib/.env HTTP/1.1" 404 1441 "-" "Mozilla/5.0 (X11; Linux x86_64) AppleWebKit/537.36 (KHTML, like Gecko) Chrome/81.0.4044.129 Safari/537.36"
108.165.101.3 - - [23/Dec/2023:05:05:02 +0800] "GET /sendgrid.env HTTP/1.1" 404 1443 "-" "Mozilla/5.0 (X11; Linux x86_64) AppleWebKit/537.36 (KHTML, like Gecko) Chrome/81.0.4044.129 Safari/537.36"
108.165.101.3 - - [23/Dec/2023:05:05:05 +0800] "GET /aws.env HTTP/1.1" 404 1439 "-" "Mozilla/5.0 (X11; Linux x86_64) AppleWebKit/537.36 (KHTML, like Gecko) Chrome/81.0.4044.129 Safari/537.36"
108.165.101.3 - - [23/Dec/2023:05:05:08 +0800] "GET /.env.example HTTP/1.1" 404 1445 "-" "Mozilla/5.0 (X11; Linux x86_64) AppleWebKit/537.36 (KHTML, like Gecko) Chrome/81.0.4044.129 Safari/537.36"
108.165.101.3 - - [23/Dec/2023:05:05:12 +0800] "GET /main/.env HTTP/1.1" 404 1441 "-" "Mozilla/5.0 (X11; Linux x86_64) AppleWebKit/537.36 (KHTML, like Gecko) Chrome/81.0.4044.129 Safari/537.36"
108.165.101.3 - - [23/Dec/2023:05:05:15 +0800] "GET /docs/.env HTTP/1.1" 404 1455 "-" "Mozilla/5.0 (X11; Linux x86_64) AppleWebKit/537.36 (KHTML, like Gecko) Chrome/81.0.4044.129 Safari/537.36"
108.165.101.3 - - [23/Dec/2023:05:05:16 +0800] "GET /client/.env HTTP/1.1" 404 1451 "-" "Mozilla/5.0 (X11; Linux x86_64) AppleWebKit/537.36 (KHTML, like Gecko) Chrome/81.0.4044.129 Safari/537.36"
108.165.101.3 - - [23/Dec/2023:05:05:20 +0800] "GET /.env.dev HTTP/1.1" 404 1440 "-" "Mozilla/5.0 (X11; Linux x86_64) AppleWebKit/537.36 (KHTML, like Gecko) Chrome/81.0.4044.129 Safari/537.36"
108.165.101.3 - - [23/Dec/2023:05:05:23 +0800] "GET /blogs/.env HTTP/1.1" 404 1443 "-" "Mozilla/5.0 (X11; Linux x86_64) AppleWebKit/537.36 (KHTML, like Gecko) Chrome/81.0.4044.129 Safari/537.36"
108.165.101.3 - - [23/Dec/2023:05:05:26 +0800] "GET /shared/.env HTTP/1.1" 404 1443 "-" "Mozilla/5.0 (X11; Linux x86_64) AppleWebKit/537.36 (KHTML, like Gecko) Chrome/81.0.4044.129 Safari/537.36"
108.165.101.3 - - [23/Dec/2023:05:05:29 +0800] "GET /download/.env HTTP/1.1" 404 1443 "-" "Mozilla/5.0 (X11; Linux x86_64) AppleWebKit/537.36 (KHTML, like Gecko) Chrome/81.0.4044.129 Safari/537.36"
108.165.101.3 - - [23/Dec/2023:05:05:32 +0800] "GET /.env.php HTTP/1.1" 404 1440 "-" "Mozilla/5.0 (X11; Linux x86_64) AppleWebKit/537.36 (KHTML, like Gecko) Chrome/81.0.4044.129 Safari/537.36"
108.165.101.3 - - [23/Dec/2023:05:05:35 +0800] "GET /site/.env HTTP/1.1" 404 1441 "-" "Mozilla/5.0 (X11; Linux x86_64) AppleWebKit/537.36 (KHTML, like Gecko) Chrome/81.0.4044.129 Safari/537.36"
108.165.101.3 - - [23/Dec/2023:05:05:39 +0800] "GET /sites/.env HTTP/1.1" 404 1441 "-" "Mozilla/5.0 (X11; Linux x86_64) AppleWebKit/537.36 (KHTML, like Gecko) Chrome/81.0.4044.129 Safari/537.36"
108.165.101.3 - - [23/Dec/2023:05:05:41 +0800] "GET /web/.env HTTP/1.1" 404 1441 "-" "Mozilla/5.0 (X11; Linux x86_64) AppleWebKit/537.36 (KHTML, like Gecko) Chrome/81.0.4044.129 Safari/537.36"
45.33.87.154 - - [23/Dec/2023:05:34:37 +0800] "GET / HTTP/1.1" 200 533 "-" "Mozilla/5.0 zgrab/0.x"
45.79.181.179 - - [23/Dec/2023:05:34:54 +0800] "GET / HTTP/1.1" 200 533 "-" "Mozilla/5.0 (Macintosh; Intel Mac OS X 13_1) AppleWebKit/537.36 (KHTML, like Gecko) Chrome/108.0.0.0 Safari/537.36"
192.155.88.231 - - [23/Dec/2023:05:38:48 +0800] "GET / HTTP/1.1" 200 533 "-" "Mozilla/5.0 zgrab/0.x"
45.79.172.21 - - [23/Dec/2023:05:39:11 +0800] "GET / HTTP/1.1" 200 533 "-" "Mozilla/5.0 (Macintosh; Intel Mac OS X 13_1) AppleWebKit/537.36 (KHTML, like Gecko) Chrome/108.0.0.0 Safari/537.36"
69.164.217.245 - - [23/Dec/2023:05:58:39 +0800] "GET / HTTP/1.1" 200 533 "-" "Mozilla/5.0 zgrab/0.x"
45.79.172.21 - - [23/Dec/2023:05:59:03 +0800] "GET / HTTP/1.1" 200 533 "-" "Mozilla/5.0 (Macintosh; Intel Mac OS X 13_1) AppleWebKit/537.36 (KHTML, like Gecko) Chrome/108.0.0.0 Safari/537.36"
68.69.186.30 - - [23/Dec/2023:06:35:10 +0800] "GET / HTTP/1.1" 200 907 "-" "-"
198.74.56.46 - - [23/Dec/2023:07:07:03 +0800] "GET / HTTP/1.1" 200 533 "-" "Mozilla/5.0 zgrab/0.x"
45.79.181.179 - - [23/Dec/2023:07:07:14 +0800] "GET / HTTP/1.1" 200 533 "-" "Mozilla/5.0 (Macintosh; Intel Mac OS X 13_1) AppleWebKit/537.36 (KHTML, like Gecko) Chrome/108.0.0.0 Safari/537.36"
162.216.149.116 - - [23/Dec/2023:07:22:20 +0800] "GET / HTTP/1.1" 200 907 "-" "Expanse, a Palo Alto Networks company, searches across the global IPv4 space multiple times per day to identify customers&#39; presences on the Internet. If you would like to be excluded from our scans, please send IP addresses/domains to: scaninfo@paloaltonetworks.com"
89.213.177.169 - - [23/Dec/2023:07:36:47 +0800] "GET / HTTP/1.1" 200 533 "-" "Linux Gnu (cow)"
199.45.155.32 - - [23/Dec/2023:07:47:32 +0800] "GET / HTTP/1.1" 200 907 "-" "-"
69.164.217.74 - - [23/Dec/2023:08:02:43 +0800] "GET / HTTP/1.1" 200 533 "-" "Mozilla/5.0 zgrab/0.x"
172.104.11.4 - - [23/Dec/2023:08:03:09 +0800] "GET / HTTP/1.1" 200 533 "-" "Mozilla/5.0 (Macintosh; Intel Mac OS X 13_1) AppleWebKit/537.36 (KHTML, like Gecko) Chrome/108.0.0.0 Safari/537.36"
45.142.182.76 - - [23/Dec/2023:08:10:29 +0800] "GET / HTTP/1.1" 200 533 "-" "Linux Gnu (cow)"
